[23:24:53] [Client thread/INFO]: Setting user: KBVictim
[23:24:56] [Client thread/INFO]: LWJGL Version: 2.9.4
[23:25:00] [Client thread/INFO]: Reloading ResourceManager: Default, FMLFileResourcePack:Forge Mod Loader, FMLFileResourcePack:Minecraft Forge, FMLFileResourcePack:KB Analyzer, FMLFileResourcePack:FPSMaster Mod, 1.8.9【原版短剑】§l§b§lBy药儿哟 §r§bPack.zip, Breaking Animation 8.zip, 【药儿哟.3D水晶覆盖包】1.8.9.zip, 【药儿哟.弓箭覆盖包】1.8.9.zip, 【药儿哟.打嗝音效覆盖包】1.8.9.zip, 【药儿哟.极限模式血条覆盖包】1.8.9.zip, 【药儿哟.高亮鱼漂覆盖包】1.8.9.zip
[23:25:01] [Sound Library Loader/INFO]: Starting up SoundSystem...
[23:25:01] [Thread-7/INFO]: Initializing LWJGL OpenAL
[23:25:01] [Thread-7/INFO]: (The LWJGL binding of OpenAL.  For more information, see http://www.lwjgl.org)
[23:25:01] [Thread-7/INFO]: OpenAL initialized.
[23:25:01] [Sound Library Loader/INFO]: Sound engine started
[23:25:03] [Client thread/INFO]: Created: 16x16 textures-atlas
[23:25:05] [Client thread/INFO]: Reloading ResourceManager: Default, FMLFileResourcePack:Forge Mod Loader, FMLFileResourcePack:Minecraft Forge, FMLFileResourcePack:KB Analyzer, FMLFileResourcePack:FPSMaster Mod, 1.8.9【原版短剑】§l§b§lBy药儿哟 §r§bPack.zip, Breaking Animation 8.zip, 【药儿哟.3D水晶覆盖包】1.8.9.zip, 【药儿哟.弓箭覆盖包】1.8.9.zip, 【药儿哟.打嗝音效覆盖包】1.8.9.zip, 【药儿哟.极限模式血条覆盖包】1.8.9.zip, 【药儿哟.高亮鱼漂覆盖包】1.8.9.zip
[23:25:05] [Client thread/INFO]: SoundSystem shutting down...
[23:25:05] [Client thread/WARN]: Author: Paul Lamb, www.paulscode.com
[23:25:05] [Sound Library Loader/INFO]: Starting up SoundSystem...
[23:25:06] [Thread-14/INFO]: Initializing LWJGL OpenAL
[23:25:06] [Thread-14/INFO]: (The LWJGL binding of OpenAL.  For more information, see http://www.lwjgl.org)
[23:25:06] [Thread-14/INFO]: OpenAL initialized.
[23:25:06] [Sound Library Loader/INFO]: Sound engine started
[23:25:07] [Client thread/INFO]: Created: 512x512 textures-atlas
[23:25:10] [Client thread/INFO]: Connecting to 127.0.0.1, 25565
[23:25:12] [Client thread/INFO]: [CHAT] KBVictim joined the game
[23:25:12] [Client thread/INFO]: [CHAT] 欢迎来到 CNBoxing 练习服!
[23:25:12] [Client thread/INFO]: [CHAT] 铁剑=排队 | 胸甲=套件 | 金剑=FFA | /duel=决斗 | /spec=观战
[23:26:59] [Client thread/INFO]: [CHAT] 您的游戏模式已更新
[23:27:00] [Client thread/INFO]: [CHAT] [Server] zombie spawned for kb test
[23:27:42] [Client thread/INFO]: [CHAT] [Server] kb test: zombies adjacent
[23:29:03] [Client thread/INFO]: [CHAT] [Server] §c§l【重启通知 §7· §c诊断探针升级】
[23:29:04] [Client thread/INFO]: [CHAT] [Server] §7新增合成自检: 不依赖第二名玩家也能校验引擎输出
[23:29:04] [Client thread/INFO]: [CHAT] [Server] §e10 秒后重启, 重启后监听继续
[23:29:05] [Client thread/INFO]: [CHAT] [Server] §c5 ...
[23:29:06] [Client thread/INFO]: [CHAT] [Server] §c3 ...
[23:29:08] [Client thread/INFO]: [CHAT] [Server] §c2 ...
[23:29:09] [Client thread/INFO]: [CHAT] [Server] §c1 ...
[23:30:34] [Client thread/INFO]: Setting user: KBVictim
[23:30:37] [Client thread/INFO]: LWJGL Version: 2.9.4
[23:30:42] [Client thread/INFO]: Reloading ResourceManager: Default, FMLFileResourcePack:Forge Mod Loader, FMLFileResourcePack:Minecraft Forge, FMLFileResourcePack:KB Analyzer, FMLFileResourcePack:FPSMaster Mod, 1.8.9【原版短剑】§l§b§lBy药儿哟 §r§bPack.zip, Breaking Animation 8.zip, 【药儿哟.3D水晶覆盖包】1.8.9.zip, 【药儿哟.弓箭覆盖包】1.8.9.zip, 【药儿哟.打嗝音效覆盖包】1.8.9.zip, 【药儿哟.极限模式血条覆盖包】1.8.9.zip, 【药儿哟.高亮鱼漂覆盖包】1.8.9.zip
[23:30:44] [Sound Library Loader/INFO]: Starting up SoundSystem...
[23:30:44] [Thread-6/INFO]: Initializing LWJGL OpenAL
[23:30:44] [Thread-6/INFO]: (The LWJGL binding of OpenAL.  For more information, see http://www.lwjgl.org)
[23:30:44] [Thread-6/INFO]: OpenAL initialized.
[23:30:44] [Sound Library Loader/INFO]: Sound engine started
[23:30:48] [Client thread/INFO]: Created: 16x16 textures-atlas
[23:30:53] [Client thread/INFO]: Reloading ResourceManager: Default, FMLFileResourcePack:Forge Mod Loader, FMLFileResourcePack:Minecraft Forge, FMLFileResourcePack:KB Analyzer, FMLFileResourcePack:FPSMaster Mod, 1.8.9【原版短剑】§l§b§lBy药儿哟 §r§bPack.zip, Breaking Animation 8.zip, 【药儿哟.3D水晶覆盖包】1.8.9.zip, 【药儿哟.弓箭覆盖包】1.8.9.zip, 【药儿哟.打嗝音效覆盖包】1.8.9.zip, 【药儿哟.极限模式血条覆盖包】1.8.9.zip, 【药儿哟.高亮鱼漂覆盖包】1.8.9.zip
[23:30:53] [Client thread/INFO]: SoundSystem shutting down...
[23:30:54] [Client thread/WARN]: Author: Paul Lamb, www.paulscode.com
[23:30:54] [Sound Library Loader/INFO]: Starting up SoundSystem...
[23:30:54] [Thread-13/INFO]: Initializing LWJGL OpenAL
[23:30:54] [Thread-13/INFO]: (The LWJGL binding of OpenAL.  For more information, see http://www.lwjgl.org)
[23:30:55] [Thread-13/INFO]: OpenAL initialized.
[23:30:55] [Sound Library Loader/INFO]: Sound engine started
